#-----------------------------------------------------------
# Vivado v2024.1 (64-bit)
# SW Build 5076996 on Wed May 22 18:37:14 MDT 2024
# IP Build 5075265 on Wed May 22 21:45:21 MDT 2024
# SharedData Build 5076995 on Wed May 22 18:29:18 MDT 2024
# Start of session at: Sun Dec  8 01:48:23 2024
# Process ID: 11632
# Current directory: C:/Users/rutch/OneDrive/Documents/final_try
# Command line: vivado.exe -gui_launcher_event rodinguilauncherevent2120 C:\Users\rutch\OneDrive\Documents\final_try\final_try.xpr
# Log file: C:/Users/rutch/OneDrive/Documents/final_try/vivado.log
# Journal file: C:/Users/rutch/OneDrive/Documents/final_try\vivado.jou
# Running On        :Legion_5
# Platform          :Windows Server 2016 or Windows 10
# Operating System  :22631
# Processor Detail  :12th Gen Intel(R) Core(TM) i5-12500H
# CPU Frequency     :3110 MHz
# CPU Physical cores:12
# CPU Logical cores :16
# Host memory       :16890 MB
# Swap memory       :19302 MB
# Total Virtual     :36193 MB
# Available Virtual :8606 MB
#-----------------------------------------------------------
start_gui
open_project C:/Users/rutch/OneDrive/Documents/final_try/final_try.xpr
update_compile_order -fileset sources_1
