#-----------------------------------------------------------
# Vivado v2024.1 (64-bit)
# SW Build 5076996 on Wed May 22 18:37:14 MDT 2024
# IP Build 5075265 on Wed May 22 21:45:21 MDT 2024
# SharedData Build 5076995 on Wed May 22 18:29:18 MDT 2024
# Start of session at: Fri Dec  6 19:40:12 2024
# Process ID: 38432
# Current directory: C:/Users/rutch/Downloads/HWLAB_final_project-pep3/HWLAB_final_project-pep3/final_try/final_try.runs/synth_1
# Command line: vivado.exe -log top.vds -product Vivado -mode batch -messageDb vivado.pb -notrace -source top.tcl
# Log file: C:/Users/rutch/Downloads/HWLAB_final_project-pep3/HWLAB_final_project-pep3/final_try/final_try.runs/synth_1/top.vds
# Journal file: C:/Users/rutch/Downloads/HWLAB_final_project-pep3/HWLAB_final_project-pep3/final_try/final_try.runs/synth_1\vivado.jou
# Running On        :Legion_5
# Platform          :Windows Server 2016 or Windows 10
# Operating System  :22631
# Processor Detail  :12th Gen Intel(R) Core(TM) i5-12500H
# CPU Frequency     :3110 MHz
# CPU Physical cores:12
# CPU Logical cores :16
# Host memory       :16890 MB
# Swap memory       :14210 MB
# Total Virtual     :31101 MB
# Available Virtual :7664 MB
#-----------------------------------------------------------
source top.tcl -notrace
